[www.kahnlawfirm.com/index.html]
[backblue.gif]
[fade.gif]
[index.html]
[connect.facebook.net/en_US/fbevents.js]
[www.kahnlawfirm.com/cms/includes/9_ra51z41ig.2303291206316.css]
[www.kahnlawfirm.com/cms/includes/xfe68wggbgd.2304061340436.js]
[www.kahnlawfirm.com/cms/svg/site/wf2vgq5nuei.24.svg]
[www.kahnlawfirm.com/testimonials/index.html]
[www.kahnlawfirm.com/blog/index.html]
[www.kahnlawfirm.com/site-search/index.html]
[www.kahnlawfirm.com/images/logos/Logo.png]
[www.kahnlawfirm.com/images/logos/Logo2.png]
[www.kahnlawfirm.com/includes/flair.svg]
[www.kahnlawfirm.com/about-our-firm/index.html]
[www.kahnlawfirm.com/attorneys/ellis-i-kahn/index.html]
[www.kahnlawfirm.com/attorneys/index.html]
[www.kahnlawfirm.com/attorneys/justin-s-kahn/index.html]
[www.kahnlawfirm.com/attorneys/wes-b-allison/index.html]
[www.kahnlawfirm.com/personal-injury/index.html]
[www.kahnlawfirm.com/personal-injury/bicycle-accidents/index.html]
[www.kahnlawfirm.com/cms/svg/admin/kfgdfa2ycwq.36.svg]
[www.kahnlawfirm.com/assets/footers/footer-v3-bg-mobile.jpg]
[www.kahnlawfirm.com/personal-injury/boating-accidents/index.html]
[www.kahnlawfirm.com/personal-injury/bus-accidents/index.html]
[www.kahnlawfirm.com/personal-injury/car-accidents/index.html]
[www.kahnlawfirm.com/assets/footers/footer-v3-bg.jpg]
[www.kahnlawfirm.com/personal-injury/uninsured-motorists/index.html]
[www.kahnlawfirm.com/personal-injury/rollover-accidents/index.html]
[www.kahnlawfirm.com/personal-injury/dui-accidents/index.html]
[s3.us-west-2.amazonaws.com/scorpion.cxc.public/chat-v4-managed-min.js]
[www.kahnlawfirm.com/personal-injury/birth-injury/index.html]
[www.kahnlawfirm.com/personal-injury/vaccine-injury/index.html]
[www.kahnlawfirm.com/personal-injury/traumatic-brain-injury/index.html]
[www.googleadservices.com/pagead/f.txt]
[www.kahnlawfirm.com/personal-injury/concussions/index.html]
[www.kahnlawfirm.com/personal-injury/dog-bites/index.html]
[www.kahnlawfirm.com/personal-injury/dental-malpractice/index.html]
[www.kahnlawfirm.com/personal-injury/medical-malpractice/index.html]
[www.kahnlawfirm.com/personal-injury/motorcycle-accidents/index.html]
[www.kahnlawfirm.com/personal-injury/premises-liability/index.html]
[www.kahnlawfirm.com/personal-injury/product-liability/index.html]
[www.kahnlawfirm.com/personal-injury/train-accidents/index.html]
[www.kahnlawfirm.com/personal-injury/truck-accidents/index.html]
[www.kahnlawfirm.com/personal-injury/slip-and-fall/index.html]
[www.kahnlawfirm.com/personal-injury/spinal-cord-injury/index.html]
[www.kahnlawfirm.com/personal-injury/wrongful-death/index.html]
[www.kahnlawfirm.com/board-certification/index.html]
[www.kahnlawfirm.com/contact-us/index.html]
[www.kahnlawfirm.com/contingency-fees/index.html]
[www.kahnlawfirm.com/blog/2023/july/what-should-you-do-after-a-bicycle-accident-/index.html]
[www.kahnlawfirm.com/cms/includes/frdpxeczgyh.2304120950170.js]
[www.kahnlawfirm.com/index.html]
[www.kahnlawfirm.com/images/logos/social-logo[2].html]
[www.googletagmanager.com/gtm5445.html]
[www.kahnlawfirm.com/blog/2023/june/how-is-a-truck-accident-more-dangerous-than-a-ca/index.html]
[www.kahnlawfirm.com/site-map/index.html]
[www.kahnlawfirm.com/privacy-policy/index.html]
[connect.facebook.net/en_US/fbevents.js]
[www.kahnlawfirm.com/common/images/sprite24.png]
[www.kahnlawfirm.com/cms/includes/9_ra51z41ig.2303291206316.css]
[www.kahnlawfirm.com/cms/includes/mko40qcu1j7.2303291206316.css]
[www.kahnlawfirm.com/cms/includes/tcqgwvi4jym.2304120950170.js]
[www.kahnlawfirm.com/testimonials/index.html]
[www.kahnlawfirm.com/cms/includes/isnovf5v3sv.2303291206316.css]
[www.kahnlawfirm.com/cms/thumbnails/34/480x240/images/blog/shutterstock_1080775979.jpg]
[www.kahnlawfirm.com/blog/2023/april/discovery-sanctions-upheld/index.html]
[www.kahnlawfirm.com/cms/includes/infhwyu9da2.2304120950170.js]
[www.kahnlawfirm.com/blog/2023/april/failure-to-diagnose-a-stroke-and-medical-malprac/index.html]
[www.kahnlawfirm.com/blog/2023/april/understanding-negligent-entrustment-what-it-is-a/index.html]
[www.kahnlawfirm.com/blog/2023/april/brain-injury-tbi/index.html]
[www.kahnlawfirm.com/blog/index.html]
[www.kahnlawfirm.com/blog/2021/march/medical-malpractice-damages-limits-in-south-caro/index.html]
[www.kahnlawfirm.com/blog/2023/february/annual-increase-in-non-economic-damages-cap-for-/index.html]
[www.kahnlawfirm.com/blog/2013/may/rules-update-for-commercial-delivery-service-of-/index.html]
[www.kahnlawfirm.com/blog/2018/march/supreme-court-clarifies-email-notice-in-civil-co/index.html]
[www.kahnlawfirm.com/blog/2023/index.html]
[www.kahnlawfirm.com/blog/2023/july/index.html]
[www.kahnlawfirm.com/blog/2023/june/index.html]
[www.kahnlawfirm.com/cms/includes/v_22387x_rv.2303291206316.css]
[www.kahnlawfirm.com/blog/2023/april/index.html]
[www.kahnlawfirm.com/blog/2023/march/index.html]
[www.kahnlawfirm.com/cms/includes/jlc75r8ahi4.2304120950170.js]
[www.kahnlawfirm.com/blog/2023/february/index.html]
[www.kahnlawfirm.com/site-search/index.html]
[www.kahnlawfirm.com/blog/2023/january/index.html]
[www.kahnlawfirm.com/cms/svg/site/wf2vgq5nuei.24.svg]
[www.kahnlawfirm.com/blog/2022/index.html]
[www.kahnlawfirm.com/blog/2022/january/index.html]
[www.kahnlawfirm.com/blog/2021/index.html]
[www.kahnlawfirm.com/blog/2021/march/index.html]
[www.kahnlawfirm.com/blog/2020/index.html]
[www.kahnlawfirm.com/blog/2020/october/index.html]
[www.kahnlawfirm.com/blog/2020/july/index.html]
[www.kahnlawfirm.com/blog/2020/june/index.html]
[www.kahnlawfirm.com/cms/includes/s1u2ctl8osi.2303291206316.css]
[www.kahnlawfirm.com/assets/staff/staff-profile-v1-bg-mobile.jpg]
[www.kahnlawfirm.com/blog/2020/april/index.html]
[www.kahnlawfirm.com/blog/2020/march/index.html]
[www.kahnlawfirm.com/blog/2020/february/index.html]
[www.kahnlawfirm.com/assets/staff/staff-profile-v1-bg.jpg]
[www.kahnlawfirm.com/blog/2019/august/index.html]
[www.kahnlawfirm.com/blog/2019/index.html]
[www.kahnlawfirm.com/blog/2019/july/index.html]
[www.kahnlawfirm.com/cms/thumbnails/34/400x400/images/Ellis-Kahn-Frame.jpg]
[www.kahnlawfirm.com/blog/2019/may/index.html]
[www.kahnlawfirm.com/blog/2018/index.html]
[www.kahnlawfirm.com/blog/2018/december/index.html]
[www.kahnlawfirm.com/cms/thumbnails/34/400x400/images/staff/Justin-Kahn-headshot.jpg]
[www.kahnlawfirm.com/blog/2018/march/index.html]
[www.kahnlawfirm.com/blog/2018/january/index.html]
[www.kahnlawfirm.com/blog/2018/february/index.html]
[www.kahnlawfirm.com/cms/thumbnails/34/400x400/images/Wes-Allison-Frame.jpg]
[www.kahnlawfirm.com/blog/2017/index.html]
[www.kahnlawfirm.com/blog/2017/december/index.html]
[www.kahnlawfirm.com/blog/2017/september/index.html]
[www.kahnlawfirm.com/blog/2017/august/index.html]
[www.kahnlawfirm.com/cms/svg/site/wf2vgq5nuei.36.svg]
[www.kahnlawfirm.com/blog/2017/may/index.html]
[www.kahnlawfirm.com/blog/2017/april/index.html]
[www.kahnlawfirm.com/assets/contact/contact-v4-bg-mobile.jpg]
[www.kahnlawfirm.com/blog/2016/september/index.html]
[www.kahnlawfirm.com/blog/2016/index.html]
[www.kahnlawfirm.com/blog/2016/may/index.html]
[www.kahnlawfirm.com/blog/2016/april/index.html]
[www.kahnlawfirm.com/assets/contact/contact-v4-bg-tablet.jpg]
[www.kahnlawfirm.com/blog/2016/february/index.html]
[www.kahnlawfirm.com/blog/2016/january/index.html]
[www.kahnlawfirm.com/assets/contact/contact-v4-bg.jpg]
[www.kahnlawfirm.com/blog/2015/index.html]
[www.kahnlawfirm.com/blog/2015/november/index.html]
[www.kahnlawfirm.com/blog/2015/september/index.html]
[www.kahnlawfirm.com/blog/2015/july/index.html]
[www.kahnlawfirm.com/blog/2015/august/index.html]
[www.kahnlawfirm.com/blog/2015/may/index.html]
[www.kahnlawfirm.com/cms/includes/omi8u1c5wkd.2304120950170.js]
[www.kahnlawfirm.com/about-our-firm/index.html]
[www.kahnlawfirm.com/blog/2015/february/index.html]
[www.kahnlawfirm.com/blog/2015/april/index.html]
[www.kahnlawfirm.com/blog/2014/index.html]
[www.kahnlawfirm.com/blog/2014/december/index.html]
[www.kahnlawfirm.com/blog/2014/october/index.html]
[www.kahnlawfirm.com/blog/2014/august/index.html]
[www.kahnlawfirm.com/blog/2014/july/index.html]
[www.kahnlawfirm.com/blog/2014/june/index.html]
[www.kahnlawfirm.com/cms/includes/x6x0dxma00r.2303291206316.css]
[www.kahnlawfirm.com/blog/2014/may/index.html]
[www.kahnlawfirm.com/blog/2014/april/index.html]
[www.kahnlawfirm.com/blog/2014/march/index.html]
[www.kahnlawfirm.com/blog/2014/february/index.html]
[www.kahnlawfirm.com/blog/2013/index.html]
[www.kahnlawfirm.com/blog/2014/january/index.html]
[www.kahnlawfirm.com/blog/2013/august/index.html]
[www.kahnlawfirm.com/cms/thumbnails/34/370x370/images/Ellis-Kahn-Frame.jpg]
[www.kahnlawfirm.com/blog/2013/july/index.html]
[www.kahnlawfirm.com/blog/2013/june/index.html]
[www.kahnlawfirm.com/blog/2013/may/index.html]
[www.kahnlawfirm.com/blog/2013/april/index.html]
[www.kahnlawfirm.com/blog/2013/january/index.html]
[www.kahnlawfirm.com/cms/thumbnails/34/370x370/images/staff/Justin-Kahn-headshot.jpg]
[www.kahnlawfirm.com/cms/thumbnails/34/370x370/images/Wes-Allison-Frame.jpg]
[www.kahnlawfirm.com/attorneys/index.html]
[www.kahnlawfirm.com/images/Ellis-Kahn-Frame.jpg]
[www.kahnlawfirm.com/attorneys/ellis-i-kahn/index.html]
[www.kahnlawfirm.com/cms/includes/ql57xg3cfb0.2303291206316.css]
[www.kahnlawfirm.com/images/staff/Justin-Kahn-headshot.jpg]
[www.kahnlawfirm.com/attorneys/justin-s-kahn/index.html]
[www.kahnlawfirm.com/images/Wes-Allison-Frame.jpg]
[www.kahnlawfirm.com/images/mybadge.png]
[www.kahnlawfirm.com/attorneys/wes-b-allison/index.html]
[www.kahnlawfirm.com/cms/includes/tqhgg27n0hf.2303291206316.css]
[www.kahnlawfirm.com/cms/includes/prs01s5xotw.2304120950170.js]
[www.kahnlawfirm.com/personal-injury/index.html]
[www.kahnlawfirm.com/cms/includes/eq9ubdn9ehb.2303291206316.css]
[www.kahnlawfirm.com/cms/includes/0f36ialkl6s.2304120950170.js]
[www.kahnlawfirm.com/personal-injury/bicycle-accidents/index.html]
[www.kahnlawfirm.com/personal-injury/boating-accidents/index.html]
[www.kahnlawfirm.com/personal-injury/bus-accidents/index.html]
[www.kahnlawfirm.com/personal-injury-statute-of-limitations/index.html]
[www.kahnlawfirm.com/personal-injury/car-accidents/most-common-causes-of-car-accidents/index.html]
[www.kahnlawfirm.com/images/Car-accident-lawyer.jpg]
[www.kahnlawfirm.com/personal-injury/car-accidents/index.html]
[www.kahnlawfirm.com/personal-injury/rollover-accidents/index.html]
[www.kahnlawfirm.com/personal-injury/dui-accidents/index.html]
[www.kahnlawfirm.com/personal-injury/uninsured-motorists/index.html]
[www.kahnlawfirm.com/personal-injury/birth-injury/index.html]
[www.kahnlawfirm.com/personal-injury/vaccine-injury/index.html]
[www.kahnlawfirm.com/personal-injury/traumatic-brain-injury/index.html]
[www.kahnlawfirm.com/personal-injury/concussions/index.html]
[www.kahnlawfirm.com/personal-injury/dog-bites/index.html]
[www.kahnlawfirm.com/personal-injury/dental-malpractice/index.html]
[www.kahnlawfirm.com/personal-injury/medical-malpractice/index.html]
[www.kahnlawfirm.com/personal-injury/motorcycle-accidents/index.html]
[www.kahnlawfirm.com/personal-injury/premises-liability/index.html]
[www.kahnlawfirm.com/personal-injury/product-liability/index.html]
[www.kahnlawfirm.com/personal-injury/train-accidents/index.html]
[www.kahnlawfirm.com/personal-injury/truck-accidents/index.html]
[www.kahnlawfirm.com/personal-injury/slip-and-fall/index.html]
[www.kahnlawfirm.com/personal-injury/spinal-cord-injury/index.html]
[www.kahnlawfirm.com/personal-injury/wrongful-death/index.html]
[www.kahnlawfirm.com/blog/2016/april/car-accident-now-what-/index.html]
[www.kahnlawfirm.com/board-certification/index.html]
[www.kahnlawfirm.com/wrongful-death-statute-of-limitations/index.html]
[www.kahnlawfirm.com/cms/includes/hs9vfi6o8ga.2303291206316.css]
[www.kahnlawfirm.com/contact-us/index.html]
[www.kahnlawfirm.com/includes/flair.svg]
[www.kahnlawfirm.com/cms/svg/admin/kfgdfa2ycwq.36.svg]
[www.kahnlawfirm.com/contingency-fees/index.html]
[www.kahnlawfirm.com/cms/includes/zi15570mxgl.2303291206316.css]
[www.kahnlawfirm.com/cms/includes/muscedlgo5e.2303291206316.css]
[s7.addthis.com/js/300/addthis_widget.js]
[www.kahnlawfirm.com/blog/categories/bicycle/index.html]
[www.kahnlawfirm.com/blog/2020/july/helmet-safety-please-wear-one/index.html]
[www.kahnlawfirm.com/blog/2014/december/cyclocross-bicycles-recalled-due-to-risk-of-inju/index.html]
[www.kahnlawfirm.com/cms/includes/p9ihsqeyhrp.2304120950170.js]
[www.kahnlawfirm.com/blog/2023/july/what-should-you-do-after-a-bicycle-accident-/index.html]
[www.kahnlawfirm.com/blog/2023/june/how-is-a-truck-accident-more-dangerous-than-a-ca/index.html]
[www.kahnlawfirm.com/site-map/index.html]
[www.kahnlawfirm.com/privacy-policy/index.html]
[www.kahnlawfirm.com/about-our-firm/connect-with-us/index.html]
[www.kahnlawfirm.com/attorney-referral/index.html]
[www.kahnlawfirm.com/cms/includes/93cw9b0sxwe.2303291206316.css]
[www.kahnlawfirm.com/c.html]
[www.kahnlawfirm.com/south-carolina-personal-injury/index.html]
[www.kahnlawfirm.com/b.html]
[www.kahnlawfirm.com/error/index.html]
[www.kahnlawfirm.com/error/404/index.html]
[www.kahnlawfirm.com/POST.html]
[www.kahnlawfirm.com/schema.org/index.html]
[www.kahnlawfirm.com/error/500/index.html]
[www.kahnlawfirm.com/testimonials/thank-you/index.html]
[www.kahnlawfirm.com/a.html]
[www.kahnlawfirm.com/south-carolina-car-accidents/index.html]
[www.kahnlawfirm.com/signals/iwl.html]
[www.kahnlawfirm.com/blog/categories/index.html]
[www.kahnlawfirm.com/cms/includes/mko40qcu1j7.2303291206316.css]
[www.kahnlawfirm.com/blog/categories/arms/index.html]
[www.kahnlawfirm.com/blog/categories/automobile/index.html]
[www.kahnlawfirm.com/cms/includes/isnovf5v3sv.2303291206316.css]
[www.kahnlawfirm.com/blog/categories/award/index.html]
[www.kahnlawfirm.com/blog/categories/board-certification/index.html]
[www.kahnlawfirm.com/blog/categories/civil-procedure/index.html]
[www.kahnlawfirm.com/blog/categories/class-action/index.html]
[www.kahnlawfirm.com/images/blog/Kahn-Law-Firm-LLP.3).png]
[www.kahnlawfirm.com/blog/2023/april/discovery-sanctions-upheld/index.html]
[www.kahnlawfirm.com/blog/categories/cle/index.html]
[www.kahnlawfirm.com/blog/categories/consumer/index.html]
[www.kahnlawfirm.com/blog/2023/april/failure-to-diagnose-a-stroke-and-medical-malprac/index.html]
[www.kahnlawfirm.com/blog/categories/corona-virus/index.html]
[www.kahnlawfirm.com/blog/2023/april/understanding-negligent-entrustment-what-it-is-a/index.html]
[www.kahnlawfirm.com/blog/categories/evidence/index.html]
[www.kahnlawfirm.com/blog/categories/fireworks/index.html]
[www.kahnlawfirm.com/blog/categories/jury-trials/index.html]
[www.kahnlawfirm.com/blog/2023/april/brain-injury-tbi/index.html]
[www.kahnlawfirm.com/blog/categories/legal-malpractice/index.html]
[www.kahnlawfirm.com/blog/categories/medical-malpractice/index.html]
[www.kahnlawfirm.com/blog/2021/march/medical-malpractice-damages-limits-in-south-caro/index.html]
[www.kahnlawfirm.com/blog/categories/motorcycle/index.html]
[www.kahnlawfirm.com/blog/categories/probate/index.html]
[www.kahnlawfirm.com/blog/categories/procedure/index.html]
[www.kahnlawfirm.com/blog/categories/recall/index.html]
[www.kahnlawfirm.com/images/blog/Kahn-Law-Firm-LLP.2).png]
[www.kahnlawfirm.com/blog/categories/rules-of-civil-procedure/index.html]
[www.kahnlawfirm.com/blog/2023/february/annual-increase-in-non-economic-damages-cap-for-/index.html]
[www.kahnlawfirm.com/blog/categories/sc-bar/index.html]
[www.kahnlawfirm.com/blog/categories/teaching/index.html]
[www.kahnlawfirm.com/cms/thumbnails/34/480x240/images/blog/sealSupremeBronze.jpg]
[www.kahnlawfirm.com/blog/categories/technology/index.html]
[www.kahnlawfirm.com/blog/categories/traumatic-brain-injury/index.html]
[www.kahnlawfirm.com/cms/thumbnails/34/480x240/images/kahn-law-firm-social-post.jpg]
[www.kahnlawfirm.com/blog/2023/april/personal-injury-understanding-your-legal-options/index.html]
[www.kahnlawfirm.com/blog/2013/may/rules-update-for-commercial-delivery-service-of-/index.html]
[www.kahnlawfirm.com/blog/2023/march/what-is-medical-malpractice/index.html]
[www.kahnlawfirm.com/blog/2023/february/kahn-teaches-at-florida-association-of-justice/index.html]
[www.kahnlawfirm.com/blog/2018/march/supreme-court-clarifies-email-notice-in-civil-co/index.html]
[www.kahnlawfirm.com/blog/2023/january/interest-rate-money-decrees-and-judgments/index.html]
[www.kahnlawfirm.com/blog/2023/january/justin-s-kahn-elected-to-the-american-board-of-p/index.html]
[www.kahnlawfirm.com/blog/2022/january/justin-kahn-to-speak-at-the-evidence-primer-a-pr/index.html]
[www.kahnlawfirm.com/blog/2021/march/attorney-justin-kahn-sits-down-with-the-advocacy/index.html]
[www.kahnlawfirm.com/blog/2020/july/no-knock-warrants-moratorium/index.html]
[www.kahnlawfirm.com/blog/2020/october/heart-pathway-approach-helps-paramedics-save-liv/index.html]
[www.kahnlawfirm.com/blog/2023/index.html]
[www.kahnlawfirm.com/blog/2020/july/traumatic-brain-injury-tbi/index.html]
[www.kahnlawfirm.com/blog/2020/july/recent-medical-and-legal-malpractice-decisions/index.html]
[www.kahnlawfirm.com/blog/2020/july/consumer-protection-south-carolina-provides-prot/index.html]
[www.kahnlawfirm.com/blog/2023/july/index.html]
[www.kahnlawfirm.com/cms/includes/3qoni0tdmc2.2303291206316.css]
[www.kahnlawfirm.com/blog/2020/june/carbon-monoxide-poisoning/index.html]
[www.kahnlawfirm.com/blog/2023/june/index.html]
[www.kahnlawfirm.com/blog/2020/june/face-masks-in-charleston/index.html]
[www.kahnlawfirm.com/blog/2020/june/dangerous-hand-sanitizer-fda-warning/index.html]
[www.kahnlawfirm.com/blog/2020/june/fireworks-celebrate-safely-this-4th/index.html]
[www.kahnlawfirm.com/blog/2020/june/use-pictures-and-models-to-help-a-jury-understan/index.html]
[www.kahnlawfirm.com/blog/2023/april/index.html]
[www.kahnlawfirm.com/blog/2020/june/in-litigation-attorneys-must-update-responses/index.html]
[www.kahnlawfirm.com/blog/2020/june/emancipation-proclamation/index.html]
[www.kahnlawfirm.com/blog/2023/march/index.html]
[www.kahnlawfirm.com/blog/2020/april/court-operations-to-begin-return-to-normal/index.html]
[www.kahnlawfirm.com/blog/2020/march/court-coronavirus-info/index.html]
[www.kahnlawfirm.com/blog/2020/march/santee-cooper-warns-customers-of-scammers/index.html]
[www.kahnlawfirm.com/blog/2020/march/emergency-stay-at-home-ordinance-legal-services-/index.html]
[www.kahnlawfirm.com/blog/2020/march/garda-cutting-corners-while-carting-cash/index.html]
[www.kahnlawfirm.com/blog/2020/march/car-recall-information/index.html]
[www.kahnlawfirm.com/blog/2020/march/kahn-reelected-to-sc-bar-house-of-delegates/index.html]
[www.kahnlawfirm.com/blog/2020/february/kahn-law-firm-attorneys-kahn-and-allison-spoke-a2/index.html]
[www.kahnlawfirm.com/cms/thumbnails/34/480x240/images/blog/shutterstock_1201292869.jpg]
[www.kahnlawfirm.com/blog/2020/february/kahn-law-firm-attorneys-kahn-and-allison-spoke-a/index.html]
[www.kahnlawfirm.com/blog/2023/february/index.html]
[www.kahnlawfirm.com/blog/2019/august/2-new-books-by-justin-kahn-published-by-sc-bar-c/index.html]
[www.kahnlawfirm.com/blog/2019/july/mccabe-trotter-beverly-p-c-class-action-website/index.html]
[www.kahnlawfirm.com/blog/2019/may/south-carolina-supreme-court-updates-rules/index.html]
[www.kahnlawfirm.com/blog/2018/december/justin-kahn-receives-avvo-score-of-10/index.html]
[www.kahnlawfirm.com/blog/2023/january/index.html]
[www.kahnlawfirm.com/blog/2018/december/marriott-data-breach/index.html]
[www.kahnlawfirm.com/blog/2018/march/justin-kahn-speaks-at-florida-justice-associatio/index.html]
[www.kahnlawfirm.com/blog/2018/february/wes-allison-admitted-to-us-supreme-court/index.html]
[www.kahnlawfirm.com/blog/2018/february/class-action-against-columbia-law-firm-certified/index.html]
[www.kahnlawfirm.com/blog/2022/index.html]
[www.kahnlawfirm.com/blog/2018/january/wes-allison-teaches-law-students/index.html]
[www.kahnlawfirm.com/blog/2018/february/justin-kahn-again-selected-super-lawyer/index.html]
[www.kahnlawfirm.com/blog/2022/january/index.html]
[www.kahnlawfirm.com/blog/2018/january/kahn-reelected-to-sc-bar-house-of-delegates/index.html]
[www.kahnlawfirm.com/blog/2018/january/fdcpa-class-action-certified/index.html]
[www.kahnlawfirm.com/blog/2021/index.html]
[www.kahnlawfirm.com/blog/2017/december/kahn-teaches-at-family-court-bench-bar-program/index.html]
[www.kahnlawfirm.com/blog/2018/january/kahn-speaks-at-national-cle/index.html]
[www.kahnlawfirm.com/blog/2021/march/index.html]
[www.kahnlawfirm.com/blog/2017/september/equifax-breach-impacts-143-million-consumers/index.html]
[www.kahnlawfirm.com/blog/2020/index.html]
[www.kahnlawfirm.com/blog/2017/august/justin-kahn-speaks-at-south-carolina-association/index.html]
[www.kahnlawfirm.com/blog/2017/august/sc-bar-publishes-justin-kahns-annotated-rules-bo/index.html]
[www.kahnlawfirm.com/blog/2020/october/index.html]
[www.kahnlawfirm.com/blog/2017/may/kahn-35-year-board-recognition/index.html]
[www.kahnlawfirm.com/blog/2017/april/kahn-recognized-by-sc-supreme-court/index.html]
[www.kahnlawfirm.com/blog/2016/september/kahn-joins-board-of-national-board-of-trial-advo/index.html]
[www.kahnlawfirm.com/blog/2020/july/index.html]
[www.kahnlawfirm.com/blog/2016/may/attorney-kahn-speaks-at-south-carolina-bankruptc/index.html]
[www.kahnlawfirm.com/cms/thumbnails/34/480x240/images/Screenshot_2[1].jpg]
[www.kahnlawfirm.com/blog/2016/april/what-is-underinsured-coverage-or-uim-/index.html]
[www.kahnlawfirm.com/blog/2020/june/index.html]
[www.kahnlawfirm.com/blog/2016/april/new-south-carolina-supreme-court-announcement/index.html]
[www.kahnlawfirm.com/blog/2020/april/index.html]
[www.kahnlawfirm.com/blog/2016/february/ellis-kahn-speaks-about-medical-malpractice/index.html]
[www.kahnlawfirm.com/blog/2016/february/remington-arms-class-action-settlement/index.html]
[www.kahnlawfirm.com/blog/2020/march/index.html]
[www.kahnlawfirm.com/blog/2016/february/justin-kahn-reelected-to-sc-bar-house-of-delegat/index.html]
[www.kahnlawfirm.com/blog/2016/january/justin-kahn-nominated-for-leadership-in-law-awar/index.html]
[www.kahnlawfirm.com/blog/2020/february/index.html]
[www.kahnlawfirm.com/blog/2015/november/team-sponsored-by-kahn-law-firm-wins-championshi/index.html]
[www.kahnlawfirm.com/blog/2019/index.html]
[www.kahnlawfirm.com/blog/2015/september/justin-kahn-speaks-to-sc-women-lawyers-associati/index.html]
[www.kahnlawfirm.com/blog/2015/september/justin-kahn-speaks-to-probate-judges-about-evide/index.html]
[www.kahnlawfirm.com/blog/2015/august/court-e-mail-triggers-written-notice-for-appeal-/index.html]
[www.kahnlawfirm.com/blog/2015/august/co-counsel-fee-agreements-in-south-carolina/index.html]
[www.kahnlawfirm.com/blog/2019/august/index.html]
[www.kahnlawfirm.com/blog/2015/july/legal-malpractice-action-by-kahn-law-firm/index.html]
[www.kahnlawfirm.com/blog/2015/july/federals-fine-fiat-chrysler/index.html]
[www.kahnlawfirm.com/blog/2015/april/south-carolina-rules-2015-updated/index.html]
[www.kahnlawfirm.com/blog/2019/july/index.html]
[www.kahnlawfirm.com/blog/2015/may/digital-organization-and-ideas-for-lawyers-and-l/index.html]
[www.kahnlawfirm.com/blog/2015/february/sc-supreme-court-proposes-new-rule-changes/index.html]
[www.kahnlawfirm.com/blog/2014/december/hospitals-penalized-for-medical-mistakes/index.html]
[www.kahnlawfirm.com/blog/2019/may/index.html]
[www.kahnlawfirm.com/blog/2018/index.html]
[www.kahnlawfirm.com/blog/2014/december/justin-kahn-speaks-at-auto-torts-advanced-trial-/index.html]
[www.kahnlawfirm.com/blog/2018/december/index.html]
[www.kahnlawfirm.com/blog/2014/december/making-your-case-with-codes-and-standards-articl/index.html]
[www.kahnlawfirm.com/blog/2014/october/jury-phone-scam-notice/index.html]
[www.kahnlawfirm.com/blog/2018/march/index.html]
[www.kahnlawfirm.com/blog/2014/august/discovery-and-the-insurance-claim-file-article-b/index.html]
[www.kahnlawfirm.com/blog/2014/july/medical-malpractice-expert-affidavit-filed-with-/index.html]
[www.kahnlawfirm.com/blog/2018/february/index.html]
[www.kahnlawfirm.com/blog/2014/july/justin-kahn-awarded-diplomate-status/index.html]
[www.kahnlawfirm.com/blog/2014/july/south-carolina-rules-annotated-2014-published-by/index.html]
[www.kahnlawfirm.com/blog/2014/june/bank-of-america-former-employees-told-to-lie/index.html]
[www.kahnlawfirm.com/blog/2014/june/hands-free-talking-and-texting-unsafe-while-driv/index.html]
[www.kahnlawfirm.com/blog/2018/january/index.html]
[www.kahnlawfirm.com/blog/2014/may/court-agrees-injured-party-can-depose-defendants/index.html]
[www.kahnlawfirm.com/blog/2017/index.html]
[www.kahnlawfirm.com/blog/2014/may/justin-kahn-and-wes-allison-publish-article-for-/index.html]
[www.kahnlawfirm.com/blog/2014/may/distraction-guidelines-released/index.html]
[www.kahnlawfirm.com/blog/2014/may/preventable-medical-errors-kills-440-000-patient/index.html]
[www.kahnlawfirm.com/blog/2017/december/index.html]
[www.kahnlawfirm.com/blog/2014/may/new-subpoena-forms/index.html]
[www.kahnlawfirm.com/blog/2014/april/justin-kahn-speaks-to-colorado-bar-association-a/index.html]
[www.kahnlawfirm.com/blog/2014/april/ellis-kahn-speaks-to-the-citadel-inn-of-court/index.html]
[www.kahnlawfirm.com/blog/2017/september/index.html]
[www.kahnlawfirm.com/blog/2014/march/justin-kahn-joins-southern-trial-lawyers-board-o/index.html]
[www.kahnlawfirm.com/blog/2014/march/gm-ignition-recall/index.html]
[www.kahnlawfirm.com/blog/2017/august/index.html]
[www.kahnlawfirm.com/blog/2014/march/justin-kahn-teaches-at-bridge-the-gap/index.html]
[www.kahnlawfirm.com/blog/2014/march/justin-kahn-participates-in-symposium-on-practic/index.html]
[www.kahnlawfirm.com/blog/2017/may/index.html]
[www.kahnlawfirm.com/blog/2014/february/graco-childrens-car-seat-recall/index.html]
[www.kahnlawfirm.com/blog/2014/february/side-impact-test-for-child-restraint-systems-pro/index.html]
[www.kahnlawfirm.com/blog/2014/february/consumer-right-to-dispute-debt-orally-upheld/index.html]
[www.kahnlawfirm.com/blog/2014/january/government-web-site-tries-to-help-end-distracted/index.html]
[www.kahnlawfirm.com/blog/2017/april/index.html]
[www.kahnlawfirm.com/blog/2014/january/compare-hospitals-on-medicare-website/index.html]
[www.kahnlawfirm.com/blog/2014/january/insurer-defaults-after-substantial-compliance-wi/index.html]
[www.kahnlawfirm.com/blog/2014/january/car-rental-company-can-be-liabile-for-negligent-/index.html]
[www.kahnlawfirm.com/blog/2014/january/new-rules-proposed-by-sc-supreme-court/index.html]
[www.kahnlawfirm.com/blog/2014/january/dui-reminder-from-ntsb/index.html]
[www.kahnlawfirm.com/blog/2014/january/justin-kahn-teaches-at-national-cle-program/index.html]
[www.kahnlawfirm.com/cms/thumbnails/34/480x240/images/2016-Hot-Topics-in-Civil-Trial-Practice.jpg]
[www.kahnlawfirm.com/blog/2016/index.html]
[www.kahnlawfirm.com/blog/2014/january/justin-s-kahn-discusses-video-deposition-strateg/index.html]
[www.kahnlawfirm.com/blog/2014/january/justin-kahn-speaks-at-bridge-the-gap-2014/index.html]
[www.kahnlawfirm.com/blog/2014/january/distracted-driving-major-cause-of-vehicle-crashe/index.html]
[www.kahnlawfirm.com/blog/2016/september/index.html]
[www.kahnlawfirm.com/blog/2013/august/texting-and-driving-documentary/index.html]
[www.kahnlawfirm.com/blog/2013/august/sc-bar-releases-latest-books-by-kahn/index.html]
[www.kahnlawfirm.com/blog/2013/july/prove-notice-without-knowledge-published/index.html]
[www.kahnlawfirm.com/blog/2013/june/chryler-recall-jeep-grand-cherokees-and-libertys/index.html]
[www.kahnlawfirm.com/blog/2016/may/index.html]
[www.kahnlawfirm.com/blog/2013/april/fast-track-jury-trials/index.html]
[www.kahnlawfirm.com/blog/2016/april/index.html]
[www.kahnlawfirm.com/blog/2013/april/sc-bar-cle-division-promotes-justin-kahns-books/index.html]
[www.kahnlawfirm.com/blog/2013/january/ftc-warns-small-businesses-dont-open-email-false/index.html]
[www.kahnlawfirm.com/blog/2013/january/researchers-study-highway-safety-and-bright-chan/index.html]
[www.kahnlawfirm.com/blog/2013/january/wes-b-allison-records-history-the-weight-of-obam/index.html]
[www.kahnlawfirm.com/accident-lawyers/index.html]
[www.kahnlawfirm.com/blog/2013/january/ipadnotebook-com-viewed-about-280-000-times-in-2/index.html]
[www.kahnlawfirm.com/cms/thumbnails/34/480x240/images/logo-Remington-sm.png]
[www.kahnlawfirm.com/contact-us/thank-you/index.html]
[www.kahnlawfirm.com/case-results/index.html]
[www.kahnlawfirm.com/practice-areas/index.html]
[www.kahnlawfirm.com/cms/thumbnails/34/480x240/images/masthead.jpg]
[www.kahnlawfirm.com/blog-comments/index.html]
[www.kahnlawfirm.com/blog/2016/february/index.html]
[www.kahnlawfirm.com/admin-login/index.html]
[www.kahnlawfirm.com/video-center/index.html]
[www.kahnlawfirm.com/refer-a-friend/index.html]
[www.kahnlawfirm.com/refer-a-friend/thank-you/index.html]
[www.kahnlawfirm.com/local-designs/index.html]
[www.kahnlawfirm.com/review-us-links/index.html]
[www.kahnlawfirm.com/cms/thumbnails/34/480x240/images/Honoree-Badge-SC-Leadership-in-Law-2016.jpg]
[www.kahnlawfirm.com/blog/2016/january/index.html]
[www.kahnlawfirm.com/blog/2015/index.html]
[www.kahnlawfirm.com/blog/2015/november/index.html]
[www.kahnlawfirm.com/blog/2015/september/index.html]
[www.kahnlawfirm.com/blog/2015/august/index.html]
[www.kahnlawfirm.com/awards-accolades/index.html]
[www.kahnlawfirm.com/cms/thumbnails/34/480x240/images/chrysler-fiat_logos.jpg]
[www.kahnlawfirm.com/blog/2015/july/index.html]
[www.kahnlawfirm.com/blog/2015/may/index.html]
[www.kahnlawfirm.com/blog/2015/april/index.html]
[www.kahnlawfirm.com/blog/2015/february/index.html]
[www.kahnlawfirm.com/blog/2014/index.html]
[www.kahnlawfirm.com/blog/2014/december/index.html]
[www.kahnlawfirm.com/blog/2014/october/index.html]
[www.kahnlawfirm.com/blog/2014/august/index.html]
[www.kahnlawfirm.com/blog/2014/july/index.html]
[www.kahnlawfirm.com/blog/2014/june/index.html]
[www.kahnlawfirm.com/blog/2014/may/index.html]
[www.kahnlawfirm.com/blog/2014/april/index.html]
[www.kahnlawfirm.com/blog/2014/march/index.html]
[www.kahnlawfirm.com/blog/2014/february/index.html]
[www.kahnlawfirm.com/blog/2014/january/index.html]
[www.kahnlawfirm.com/blog/2013/index.html]
[www.kahnlawfirm.com/blog/2013/august/index.html]
[www.kahnlawfirm.com/blog/2013/july/index.html]
[www.kahnlawfirm.com/blog/2013/june/index.html]
[www.kahnlawfirm.com/blog/2013/may/index.html]
[www.kahnlawfirm.com/blog/2013/april/index.html]
[www.kahnlawfirm.com/blog/2013/january/index.html]
[www.kahnlawfirm.com/cms/includes/v_22387x_rv.2303291206316.css]
[www.kahnlawfirm.com/cms/includes/s1u2ctl8osi.2303291206316.css]
[www.kahnlawfirm.com/cms/svg/site/wf2vgq5nuei.36.svg]
[www.kahnlawfirm.com/cms/includes/x6x0dxma00r.2303291206316.css]
[www.kahnlawfirm.com/cms/includes/ql57xg3cfb0.2303291206316.css]
[www.kahnlawfirm.com/cms/includes/tqhgg27n0hf.2303291206316.css]
[www.kahnlawfirm.com/cms/includes/eq9ubdn9ehb.2303291206316.css]
[www.kahnlawfirm.com/personal-injury/car-accidents/most-common-causes-of-car-accidents/index.html]
[www.kahnlawfirm.com/personal-injury-statute-of-limitations/index.html]
[www.kahnlawfirm.com/images/shutterstock_228064051[1].jpg]
[www.kahnlawfirm.com/blog/2016/april/car-accident-now-what-/index.html]
[www.kahnlawfirm.com/wrongful-death-statute-of-limitations/index.html]
[www.kahnlawfirm.com/cms/includes/hs9vfi6o8ga.2303291206316.css]
[www.kahnlawfirm.com/cms/includes/zi15570mxgl.2303291206316.css]
[www.kahnlawfirm.com/cms/includes/muscedlgo5e.2303291206316.css]
[www.kahnlawfirm.com/blog/categories/bicycle/index.html]
[www.kahnlawfirm.com/images/three-helmets.jpg]
[www.kahnlawfirm.com/blog/2020/july/helmet-safety-please-wear-one/index.html]
[www.kahnlawfirm.com/images/Bike.png]
[www.kahnlawfirm.com/blog/2014/december/cyclocross-bicycles-recalled-due-to-risk-of-inju/index.html]
[www.kahnlawfirm.com/cms/includes/93cw9b0sxwe.2303291206316.css]
[www.kahnlawfirm.com/about-our-firm/connect-with-us/index.html]
[www.kahnlawfirm.com/south-carolina-personal-injury/index.html]
[www.kahnlawfirm.com/cms/includes/dijsitmhroh.2303291206316.css]
[www.kahnlawfirm.com/attorney-referral/index.html]
[www.kahnlawfirm.com/cms/includes/y4u8hkrmhu1.2303291206316.css]
[www.kahnlawfirm.com/error/index.html]
[www.kahnlawfirm.com/error/404/index.html]
[www.kahnlawfirm.com/error/500/index.html]
[www.kahnlawfirm.com/testimonials/thank-you/index.html]
[www.kahnlawfirm.com/cms/includes/qug01c0kwt4.2303291206316.css]
[www.kahnlawfirm.com/images/shutterstock_149582471[1].jpg]
[www.kahnlawfirm.com/assets/panel-groups/panel-group-v4-bg-mobile.jpg]
[www.kahnlawfirm.com/assets/panel-groups/panel-group-v4-bg-tablet.jpg]
[www.kahnlawfirm.com/assets/panel-groups/panel-group-v4-bg.jpg]
[www.kahnlawfirm.com/south-carolina-car-accidents/index.html]
[www.kahnlawfirm.com/blog/categories/index.html]
[www.kahnlawfirm.com/blog/categories/arms/index.html]
[www.kahnlawfirm.com/blog/categories/automobile/index.html]
[www.kahnlawfirm.com/blog/categories/award/index.html]
[www.kahnlawfirm.com/blog/categories/board-certification/index.html]
[www.kahnlawfirm.com/blog/categories/civil-procedure/index.html]
[www.kahnlawfirm.com/blog/categories/class-action/index.html]
[www.kahnlawfirm.com/blog/categories/cle/index.html]
[www.kahnlawfirm.com/blog/categories/consumer/index.html]
[www.kahnlawfirm.com/blog/categories/corona-virus/index.html]
[www.kahnlawfirm.com/blog/categories/evidence/index.html]
[www.kahnlawfirm.com/blog/categories/fireworks/index.html]
[www.kahnlawfirm.com/blog/categories/jury-trials/index.html]
[www.kahnlawfirm.com/blog/categories/legal-malpractice/index.html]
[www.kahnlawfirm.com/blog/categories/medical-malpractice/index.html]
[www.kahnlawfirm.com/blog/categories/motorcycle/index.html]
[www.kahnlawfirm.com/blog/categories/probate/index.html]
[www.kahnlawfirm.com/blog/categories/procedure/index.html]
[www.kahnlawfirm.com/blog/categories/recall/index.html]
[www.kahnlawfirm.com/blog/categories/rules-of-civil-procedure/index.html]
[www.kahnlawfirm.com/blog/categories/sc-bar/index.html]
[www.kahnlawfirm.com/blog/categories/teaching/index.html]
[www.kahnlawfirm.com/blog/categories/technology/index.html]
[www.kahnlawfirm.com/blog/categories/traumatic-brain-injury/index.html]
[www.kahnlawfirm.com/blog/2023/april/personal-injury-understanding-your-legal-options/index.html]
[www.kahnlawfirm.com/blog/2023/march/what-is-medical-malpractice/index.html]
[www.kahnlawfirm.com/images/blog/Kahn-Law-Firm-LLP.1).png]
[www.kahnlawfirm.com/blog/2023/february/kahn-teaches-at-florida-association-of-justice/index.html]
[www.kahnlawfirm.com/images/blog/sealSupremeBronze.jpg]
[www.kahnlawfirm.com/blog/2023/january/interest-rate-money-decrees-and-judgments/index.html]
[www.kahnlawfirm.com/images/blog/ABPLA.png]
[www.kahnlawfirm.com/blog/2023/january/justin-s-kahn-elected-to-the-american-board-of-p/index.html]
[www.kahnlawfirm.com/blog/2022/january/justin-kahn-to-speak-at-the-evidence-primer-a-pr/index.html]
[www.kahnlawfirm.com/blog/2021/march/attorney-justin-kahn-sits-down-with-the-advocacy/index.html]
[www.kahnlawfirm.com/blog/2020/october/heart-pathway-approach-helps-paramedics-save-liv/index.html]
[www.kahnlawfirm.com/images/Supreme-Court-of-South-Carolina_NIL-ULTRA.png]
[www.kahnlawfirm.com/blog/2020/july/no-knock-warrants-moratorium/index.html]
[www.kahnlawfirm.com/images/Brain-Injury-subheader-landing.jpg]
[www.kahnlawfirm.com/blog/2020/july/traumatic-brain-injury-tbi/index.html]
[www.kahnlawfirm.com/blog/2020/july/consumer-protection-south-carolina-provides-prot/index.html]
[www.kahnlawfirm.com/blog/2020/july/recent-medical-and-legal-malpractice-decisions/index.html]
[www.kahnlawfirm.com/images/Consumer-Product-Safety-Commission-Logo.png]
[www.kahnlawfirm.com/blog/2020/june/carbon-monoxide-poisoning/index.html]
[www.kahnlawfirm.com/images/mikael-seegen-jX6WXNkvsPs-unsplash[1].jpg]
[www.kahnlawfirm.com/blog/2020/june/dangerous-hand-sanitizer-fda-warning/index.html]
[www.kahnlawfirm.com/images/Covid-19-Rescource-List[1].jpg]
[www.kahnlawfirm.com/blog/2020/june/face-masks-in-charleston/index.html]
[www.kahnlawfirm.com/images/firework-injuries-2020_body-infographic.png]
[www.kahnlawfirm.com/blog/2020/june/fireworks-celebrate-safely-this-4th/index.html]
[www.kahnlawfirm.com/images/Screenshot_2[1].jpg]
[www.kahnlawfirm.com/images/State-s-exhibit-20-page-CAST-Report.jpg]
[www.kahnlawfirm.com/blog/2020/june/use-pictures-and-models-to-help-a-jury-understan/index.html]
[www.kahnlawfirm.com/blog/2020/june/in-litigation-attorneys-must-update-responses/index.html]
[www.kahnlawfirm.com/images/emanc2.jpg]
[www.kahnlawfirm.com/blog/2020/june/emancipation-proclamation/index.html]
[www.kahnlawfirm.com/images/icon-scales.png]
[www.kahnlawfirm.com/blog/2020/april/court-operations-to-begin-return-to-normal/index.html]
[www.kahnlawfirm.com/blog/2020/march/court-coronavirus-info/index.html]
[www.kahnlawfirm.com/blog/2020/march/santee-cooper-warns-customers-of-scammers/index.html]
[www.kahnlawfirm.com/blog/2020/march/emergency-stay-at-home-ordinance-legal-services-/index.html]
[www.kahnlawfirm.com/blog/2020/march/garda-cutting-corners-while-carting-cash/index.html]
[www.kahnlawfirm.com/blog/2020/march/car-recall-information/index.html]
[www.kahnlawfirm.com/blog/2020/march/kahn-reelected-to-sc-bar-house-of-delegates/index.html]
[www.kahnlawfirm.com/blog/2020/february/kahn-law-firm-attorneys-kahn-and-allison-spoke-a2/index.html]
[www.kahnlawfirm.com/blog/2020/february/kahn-law-firm-attorneys-kahn-and-allison-spoke-a/index.html]
[www.kahnlawfirm.com/images/kahn-law-firm-social-post.jpg]
[www.kahnlawfirm.com/blog/2019/august/2-new-books-by-justin-kahn-published-by-sc-bar-c/index.html]
[www.kahnlawfirm.com/blog/2019/july/mccabe-trotter-beverly-p-c-class-action-website/index.html]
[www.kahnlawfirm.com/blog/2019/may/south-carolina-supreme-court-updates-rules/index.html]
[www.kahnlawfirm.com/blog/2018/december/justin-kahn-receives-avvo-score-of-10/index.html]
[www.kahnlawfirm.com/blog/2018/december/marriott-data-breach/index.html]
[www.kahnlawfirm.com/blog/2018/march/justin-kahn-speaks-at-florida-justice-associatio/index.html]
[www.kahnlawfirm.com/blog/2018/february/wes-allison-admitted-to-us-supreme-court/index.html]
[www.kahnlawfirm.com/blog/2018/february/class-action-against-columbia-law-firm-certified/index.html]
[www.kahnlawfirm.com/blog/2018/february/justin-kahn-again-selected-super-lawyer/index.html]
[www.kahnlawfirm.com/blog/2018/january/wes-allison-teaches-law-students/index.html]
[www.kahnlawfirm.com/blog/2018/january/kahn-reelected-to-sc-bar-house-of-delegates/index.html]
[www.kahnlawfirm.com/blog/2018/january/fdcpa-class-action-certified/index.html]
[www.kahnlawfirm.com/blog/2018/january/kahn-speaks-at-national-cle/index.html]
[www.kahnlawfirm.com/blog/2017/december/kahn-teaches-at-family-court-bench-bar-program/index.html]
[www.kahnlawfirm.com/blog/2017/september/equifax-breach-impacts-143-million-consumers/index.html]
[www.kahnlawfirm.com/images/SC-Association-for-Justice.png]
[www.kahnlawfirm.com/blog/2017/august/justin-kahn-speaks-at-south-carolina-association/index.html]
[www.kahnlawfirm.com/blog/2017/august/sc-bar-publishes-justin-kahns-annotated-rules-bo/index.html]
[www.kahnlawfirm.com/images/Ellis-Kahn-35-Year-Board-Certified.jpg]
[www.kahnlawfirm.com/blog/2017/may/kahn-35-year-board-recognition/index.html]
[www.kahnlawfirm.com/images/SC-Supreme-Court-Course-of-Study-Award-Justin-Kahn.jpg]
[www.kahnlawfirm.com/blog/2017/april/kahn-recognized-by-sc-supreme-court/index.html]
[www.kahnlawfirm.com/blog/2016/september/kahn-joins-board-of-national-board-of-trial-advo/index.html]
[www.kahnlawfirm.com/images/Justin_keynote-pic[1].jpg]
[www.kahnlawfirm.com/blog/2016/may/attorney-kahn-speaks-at-south-carolina-bankruptc/index.html]
[www.kahnlawfirm.com/images/shutterstock_94199545[1].jpg]
[www.kahnlawfirm.com/blog/2016/april/what-is-underinsured-coverage-or-uim-/index.html]
[www.kahnlawfirm.com/blog/2016/april/new-south-carolina-supreme-court-announcement/index.html]
[www.kahnlawfirm.com/images/2016-Hot-Topics-in-Civil-Trial-Practice.jpg]
[www.kahnlawfirm.com/blog/2016/february/ellis-kahn-speaks-about-medical-malpractice/index.html]
[www.kahnlawfirm.com/images/logo-Remington-sm.png]
[www.kahnlawfirm.com/blog/2016/february/remington-arms-class-action-settlement/index.html]
[www.kahnlawfirm.com/images/masthead.jpg]
[www.kahnlawfirm.com/blog/2016/february/justin-kahn-reelected-to-sc-bar-house-of-delegat/index.html]
[www.kahnlawfirm.com/images/Honoree-Badge-SC-Leadership-in-Law-2016.jpg]
[www.kahnlawfirm.com/blog/2016/january/justin-kahn-nominated-for-leadership-in-law-awar/index.html]
[www.kahnlawfirm.com/images/Champion-Blog[2].jpg]
[www.kahnlawfirm.com/blog/2015/november/team-sponsored-by-kahn-law-firm-wins-championshi/index.html]
[www.kahnlawfirm.com/blog/2015/september/justin-kahn-speaks-to-probate-judges-about-evide/index.html]
[www.kahnlawfirm.com/blog/2015/september/justin-kahn-speaks-to-sc-women-lawyers-associati/index.html]
[www.kahnlawfirm.com/blog/2015/august/court-e-mail-triggers-written-notice-for-appeal-/index.html]
[www.kahnlawfirm.com/blog/2015/august/co-counsel-fee-agreements-in-south-carolina/index.html]
[www.kahnlawfirm.com/blog/2015/july/legal-malpractice-action-by-kahn-law-firm/index.html]
[www.kahnlawfirm.com/images/chrysler-fiat_logos.jpg]
[www.kahnlawfirm.com/blog/2015/july/federals-fine-fiat-chrysler/index.html]
[www.kahnlawfirm.com/blog/2015/may/digital-organization-and-ideas-for-lawyers-and-l/index.html]
[www.kahnlawfirm.com/blog/2015/april/south-carolina-rules-2015-updated/index.html]
[www.kahnlawfirm.com/blog/2015/february/sc-supreme-court-proposes-new-rule-changes/index.html]
[www.kahnlawfirm.com/images/Hosital.png]
[www.kahnlawfirm.com/blog/2014/december/hospitals-penalized-for-medical-mistakes/index.html]
[www.kahnlawfirm.com/blog/2014/december/justin-kahn-speaks-at-auto-torts-advanced-trial-/index.html]
[www.kahnlawfirm.com/blog/2014/december/making-your-case-with-codes-and-standards-articl/index.html]
[www.kahnlawfirm.com/blog/2014/october/jury-phone-scam-notice/index.html]
[www.kahnlawfirm.com/blog/2014/august/discovery-and-the-insurance-claim-file-article-b/index.html]
[www.kahnlawfirm.com/images/American-Association-for-Justice.png]
[www.kahnlawfirm.com/blog/2014/july/justin-kahn-awarded-diplomate-status/index.html]
[www.kahnlawfirm.com/blog/2014/july/medical-malpractice-expert-affidavit-filed-with-/index.html]
[www.kahnlawfirm.com/images/SC-Rules-Annotated.png]
[www.kahnlawfirm.com/blog/2014/july/south-carolina-rules-annotated-2014-published-by/index.html]
[www.kahnlawfirm.com/blog/2014/june/bank-of-america-former-employees-told-to-lie/index.html]
[www.kahnlawfirm.com/images/Hands-Free-Call_Texting.png]
[www.kahnlawfirm.com/blog/2014/june/hands-free-talking-and-texting-unsafe-while-driv/index.html]
[www.kahnlawfirm.com/blog/2014/may/court-agrees-injured-party-can-depose-defendants/index.html]
[www.kahnlawfirm.com/blog/2014/may/justin-kahn-and-wes-allison-publish-article-for-/index.html]
[www.kahnlawfirm.com/blog/2014/may/distraction-guidelines-released/index.html]
[www.kahnlawfirm.com/blog/2014/may/preventable-medical-errors-kills-440-000-patient/index.html]
[www.kahnlawfirm.com/blog/2014/may/new-subpoena-forms/index.html]
[www.kahnlawfirm.com/images/Better-Motion-Practice.png]
[www.kahnlawfirm.com/blog/2014/april/justin-kahn-speaks-to-colorado-bar-association-a/index.html]
[www.kahnlawfirm.com/images/Ellis-Kahn.png]
[www.kahnlawfirm.com/images/Citadel-Inn-of-Court.png]
[www.kahnlawfirm.com/blog/2014/april/ellis-kahn-speaks-to-the-citadel-inn-of-court/index.html]
[www.kahnlawfirm.com/images/GM-Ignition-Recall.png]
[www.kahnlawfirm.com/blog/2014/march/gm-ignition-recall/index.html]
[www.kahnlawfirm.com/images/Southern-Trail-Lawyers-Association.png]
[www.kahnlawfirm.com/blog/2014/march/justin-kahn-joins-southern-trial-lawyers-board-o/index.html]
[www.kahnlawfirm.com/images/Kahn-Teaches-at-Bridge-the-Gap.png]
[www.kahnlawfirm.com/blog/2014/march/justin-kahn-teaches-at-bridge-the-gap/index.html]
[www.kahnlawfirm.com/blog/2014/march/justin-kahn-participates-in-symposium-on-practic/index.html]
[www.kahnlawfirm.com/images/Car-Seat.png]
[www.kahnlawfirm.com/blog/2014/february/graco-childrens-car-seat-recall/index.html]
[www.kahnlawfirm.com/blog/2014/february/side-impact-test-for-child-restraint-systems-pro/index.html]
[www.kahnlawfirm.com/images/US-Court-of-Appeals.png]
[www.kahnlawfirm.com/blog/2014/february/consumer-right-to-dispute-debt-orally-upheld/index.html]
[www.kahnlawfirm.com/images/one-text-could-wreck-it-all.png]
[www.kahnlawfirm.com/blog/2014/january/government-web-site-tries-to-help-end-distracted/index.html]
[www.kahnlawfirm.com/blog/2014/january/insurer-defaults-after-substantial-compliance-wi/index.html]
[www.kahnlawfirm.com/images/Medicare-Logo.png]
[www.kahnlawfirm.com/blog/2014/january/compare-hospitals-on-medicare-website/index.html]
[www.kahnlawfirm.com/blog/2014/january/new-rules-proposed-by-sc-supreme-court/index.html]
[www.kahnlawfirm.com/images/Car-Rental.png]
[www.kahnlawfirm.com/blog/2014/january/car-rental-company-can-be-liabile-for-negligent-/index.html]
[www.kahnlawfirm.com/blog/2014/january/dui-reminder-from-ntsb/index.html]
[www.kahnlawfirm.com/images/CLE-Ski.png]
[www.kahnlawfirm.com/blog/2014/january/justin-kahn-teaches-at-national-cle-program/index.html]
[www.kahnlawfirm.com/blog/2014/january/justin-s-kahn-discusses-video-deposition-strateg/index.html]
[www.kahnlawfirm.com/images/import/Blog/files/scbar-logo.gif]
[www.kahnlawfirm.com/blog/2014/january/justin-kahn-speaks-at-bridge-the-gap-2014/index.html]
[www.kahnlawfirm.com/images/Distracted-Driving-Chart.png]
[www.kahnlawfirm.com/blog/2014/january/distracted-driving-major-cause-of-vehicle-crashe/index.html]
[www.kahnlawfirm.com/blog/2013/august/texting-and-driving-documentary/index.html]
[www.kahnlawfirm.com/blog/2013/august/sc-bar-releases-latest-books-by-kahn/index.html]
[www.kahnlawfirm.com/blog/2013/july/prove-notice-without-knowledge-published/index.html]
[www.kahnlawfirm.com/blog/2013/june/chryler-recall-jeep-grand-cherokees-and-libertys/index.html]
[www.kahnlawfirm.com/blog/2013/april/fast-track-jury-trials/index.html]
[www.kahnlawfirm.com/blog/2013/april/sc-bar-cle-division-promotes-justin-kahns-books/index.html]
[www.kahnlawfirm.com/images/Bright-billboards.png]
[www.kahnlawfirm.com/blog/2013/january/researchers-study-highway-safety-and-bright-chan/index.html]
[www.kahnlawfirm.com/blog/2013/january/ftc-warns-small-businesses-dont-open-email-false/index.html]
[www.kahnlawfirm.com/images/Obama.png]
[www.kahnlawfirm.com/blog/2013/january/wes-b-allison-records-history-the-weight-of-obam/index.html]
[www.kahnlawfirm.com/images/fireworks.png]
[www.kahnlawfirm.com/blog/2013/january/ipadnotebook-com-viewed-about-280-000-times-in-2/index.html]
[www.kahnlawfirm.com/accident-lawyers/index.html]
[www.kahnlawfirm.com/contact-us/thank-you/index.html]
[www.kahnlawfirm.com/case-results/index.html]
[www.kahnlawfirm.com/cms/includes/7zqds6dz__7.2303291206316.css]
[www.kahnlawfirm.com/practice-areas/index.html]
[www.kahnlawfirm.com/blog-comments/index.html]
[www.kahnlawfirm.com/cms/includes/gzsbiadp_4c.2303291206316.css]
[www.kahnlawfirm.com/video-center/index.html]
[www.kahnlawfirm.com/admin-login/index.html]
[www.kahnlawfirm.com/refer-a-friend/index.html]
[www.kahnlawfirm.com/refer-a-friend/thank-you/index.html]
[www.kahnlawfirm.com/local-designs/index.html]
[www.kahnlawfirm.com/review-us-links/index.html]
[www.kahnlawfirm.com/cms/includes/vr1o9e5oa59.2303291206316.css]
[www.kahnlawfirm.com/awards-accolades/index.html]
[www.kahnlawfirm.com/cms/includes/3qoni0tdmc2.2303291206316.css]
[www.kahnlawfirm.com/cms/includes/dijsitmhroh.2303291206316.css]
[www.kahnlawfirm.com/cms/includes/y4u8hkrmhu1.2303291206316.css]
[www.kahnlawfirm.com/cms/includes/zhhfyyx9w17.2303291206316.css]
[www.kahnlawfirm.com/cms/includes/qug01c0kwt4.2303291206316.css]
[www.kahnlawfirm.com/assets/ctas/side-cta-v3.html]
[www.kahnlawfirm.com/documents/Jones-v.-Enterprise-Car-Rental-Negligent-Entrustment.html]
[www.kahnlawfirm.com/cms/includes/7zqds6dz__7.2303291206316.css]
[www.kahnlawfirm.com/cms/includes/gzsbiadp_4c.2303291206316.css]
[www.kahnlawfirm.com/cms/includes/vr1o9e5oa59.2303291206316.css]
[www.kahnlawfirm.com/cms/includes/zhhfyyx9w17.2303291206316.css]
